[lms.wscubetech.com/index.html]
[lms.wscubetech.com/_next/static/css/0bb41860bda823af.css]
[lms.wscubetech.com/_next/static/css/628779d13563f190.css]
[lms.wscubetech.com/_next/static/css/8f146d8cc0597013.css]
[lms.wscubetech.com/_next/static/css/b26a1f6328a29379.css]
[lms.wscubetech.com/_next/static/chunks/webpack-777b8bfe1da702a1.js]
[lms.wscubetech.com/_next/static/chunks/fd9d1056-2779d7896f9f8c70.js]
[lms.wscubetech.com/_next/static/chunks/7023-02111c173e3e2624.js]
[lms.wscubetech.com/_next/static/chunks/main-app-2a5d4c19ce891f66.js]
[lms.wscubetech.com/_next/static/chunks/870fdd6f-a94789c9485281a9.js]
[lms.wscubetech.com/_next/static/chunks/8173-0572c0669c290799.js]
[lms.wscubetech.com/_next/static/chunks/231-6221702e402095b4.js]
[lms.wscubetech.com/_next/static/chunks/5180-47c8fa2563ffcd6a.js]
[lms.wscubetech.com/_next/static/chunks/7176-60ded3ba5eabef98.js]
[lms.wscubetech.com/_next/static/chunks/8136-c51063483bd0dea0.js]
[lms.wscubetech.com/_next/static/chunks/6920-1accd25341401fc2.js]
[lms.wscubetech.com/_next/static/chunks/875-0a63e72cced9c3e2.js]
[lms.wscubetech.com/_next/static/chunks/7162-3898a20da493e1a3.js]
[lms.wscubetech.com/_next/static/chunks/2203-03df51d8c0229b5b.js]
[lms.wscubetech.com/_next/static/chunks/8253-8402bb5bec974f26.js]
[lms.wscubetech.com/_next/static/chunks/313-7dadd5545ddd04a3.js]
[lms.wscubetech.com/_next/static/chunks/3106-6625c9a9e228f732.js]
[lms.wscubetech.com/_next/static/chunks/app/layout-5201b6a1a0d9035d.js]
[lms.wscubetech.com/_next/static/chunks/app/not-found-c95b1572b7ef3248.js]
[lms.wscubetech.com/_next/static/chunks/13b76428-ed7816e722e80a35.js]
[lms.wscubetech.com/_next/static/chunks/9342-d21e9d91f5fbfee9.js]
[lms.wscubetech.com/_next/static/chunks/1940-2dfe2981f9337d3e.js]
[lms.wscubetech.com/_next/static/chunks/966-fe7a8efd5ebef400.js]
[backblue.gif]
[fade.gif]
[index.html]
[lms.wscubetech.com/index.html]
[lms.wscubetech.com/_next/static/css/0bb41860bda823af.css]
[lms.wscubetech.com/_next/static/chunks/app/page-e14fcf26ae31923c.js]
[lms.wscubetech.com/_next/static/media/ajax-loader.0b80f665.gif]
[lms.wscubetech.com/_next/static/media/slick.25572f22.eot]
[lms.wscubetech.com/_next/static/media/slick.653a4cbb.woff]
[lms.wscubetech.com/_next/static/media/slick.6aa1ee46.ttf]
[lms.wscubetech.com/_next/static/css/628779d13563f190.css]
[lms.wscubetech.com/_next/static/media/slick.f895cfdf.svg]
[lms.wscubetech.com/images/dashboard-home/mentore-checks.svg]
[lms.wscubetech.com/images/dashboard-home/free-crs-content.svg]
[lms.wscubetech.com/images/dashboard-home/channels-bg.svg]
[lms.wscubetech.com/images/dashboard-home/channel-box-bg.svg]
[lms.wscubetech.com/images/dashboard-home/schedule-call-top.svg]
[lms.wscubetech.com/images/dashboard-home/schedule-call-bottom.svg]
[lms.wscubetech.com/images/dashboard-home/arrows-group.svg]
[lms.wscubetech.com/images/dashboard-home/learners-bg.svg]
[lms.wscubetech.com/images/users/users-title-bg.svg]
[lms.wscubetech.com/images/users/cal-icon-blue.svg]
[lms.wscubetech.com/_next/static/css/8f146d8cc0597013.css]
[lms.wscubetech.com/_next/static/css/b26a1f6328a29379.css]
[lms.wscubetech.com/_next/static/media/slick.f895cfdf.svg]
[lms.wscubetech.com/images/icons/chavron-down-icon.svg]
[lms.wscubetech.com/images/icons/slider-arr-right.svg]
[lms.wscubetech.com/images/icons/slider-arr-left.svg]
[lms.wscubetech.com/images/dashboard-home/mentor-light-bg.svg]
[lms.wscubetech.com/images/dashboard-home/mentore-checks.svg]
[lms.wscubetech.com/images/dashboard-home/free-crs-content.svg]
[lms.wscubetech.com/images/dashboard-home/channels-bg.svg]
[lms.wscubetech.com/images/dashboard-home/channel-box-bg.svg]
[lms.wscubetech.com/images/dashboard-home/schedule-call-top.svg]
[lms.wscubetech.com/images/dashboard-home/schedule-call-bottom.svg]
[lms.wscubetech.com/images/dashboard-home/arrows-group.svg]
[lms.wscubetech.com/images/dashboard-home/learners-bg.svg]
[lms.wscubetech.com/images/icons/arr-select.svg]
[lms.wscubetech.com/images/users/users-title-bg.svg]
[lms.wscubetech.com/images/users/cal-icon-blue.svg]
[lms.wscubetech.com/images/users/dropdown-blue.svg]
[lms.wscubetech.com/images/users/dropdown-gray.svg]
[lms.wscubetech.com/images/user-profile/calendar.svg]
[lms.wscubetech.com/images/user-profile/down-arrow.svg]
[lms.wscubetech.com/images/user-profile/chevron-up-white.svg]
